Release 14.7 - xst P.20131013 (nt64)
Copyright (c) 1995-2013 Xilinx, Inc.  All rights reserved.
--> Parameter TMPDIR set to xst/projnav.tmp


Total REAL time to Xst completion: 1.00 secs
Total CPU time to Xst completion: 0.55 secs
 
--> Parameter xsthdpdir set to xst


Total REAL time to Xst completion: 1.00 secs
Total CPU time to Xst completion: 0.56 secs
 
--> Reading design: mips.prj

TABLE OF CONTENTS
  1) Synthesis Options Summary
  2) HDL Parsing
  3) HDL Elaboration
  4) HDL Synthesis
       4.1) HDL Synthesis Report
  5) Advanced HDL Synthesis
       5.1) Advanced HDL Synthesis Report
  6) Low Level Synthesis
  7) Partition Report
  8) Design Summary
       8.1) Primitive and Black Box Usage
       8.2) Device utilization summary
       8.3) Partition Resource Summary
       8.4) Timing Report
            8.4.1) Clock Information
            8.4.2) Asynchronous Control Signals Information
            8.4.3) Timing Summary
            8.4.4) Timing Details
            8.4.5) Cross Clock Domains Report


=========================================================================
*                      Synthesis Options Summary                        *
=========================================================================
---- Source Parameters
Input File Name                    : "mips.prj"
Ignore Synthesis Constraint File   : NO

---- Target Parameters
Output File Name                   : "mips"
Output Format                      : NGC
Target Device                      : xc7a100t-3-csg324

---- Source Options
Top Module Name                    : mips
Automatic FSM Extraction           : YES
FSM Encoding Algorithm             : Auto
Safe Implementation                : No
FSM Style                          : LUT
RAM Extraction                     : Yes
RAM Style                          : Auto
ROM Extraction                     : Yes
Shift Register Extraction          : YES
ROM Style                          : Auto
Resource Sharing                   : YES
Asynchronous To Synchronous        : NO
Shift Register Minimum Size        : 2
Use DSP Block                      : Auto
Automatic Register Balancing       : No

---- Target Options
LUT Combining                      : Auto
Reduce Control Sets                : Auto
Add IO Buffers                     : YES
Global Maximum Fanout              : 100000
Add Generic Clock Buffer(BUFG)     : 32
Register Duplication               : YES
Optimize Instantiated Primitives   : NO
Use Clock Enable                   : Auto
Use Synchronous Set                : Auto
Use Synchronous Reset              : Auto
Pack IO Registers into IOBs        : Auto
Equivalent register Removal        : YES

---- General Options
Optimization Goal                  : Speed
Optimization Effort                : 1
Power Reduction                    : NO
Keep Hierarchy                     : No
Netlist Hierarchy                  : As_Optimized
RTL Output                         : Yes
Global Optimization                : AllClockNets
Read Cores                         : YES
Write Timing Constraints           : NO
Cross Clock Analysis               : NO
Hierarchy Separator                : /
Bus Delimiter                      : <>
Case Specifier                     : Maintain
Slice Utilization Ratio            : 100
BRAM Utilization Ratio             : 100
DSP48 Utilization Ratio            : 100
Auto BRAM Packing                  : NO
Slice Utilization Ratio Delta      : 5

=========================================================================


=========================================================================
*                          HDL Parsing                                  *
=========================================================================
Analyzing Verilog file "C:\Users\asus\Desktop\ISE\CPU_P4\MuxRegRd.v" into library work
Parsing module <MuxRegRd>.
Analyzing Verilog file "C:\Users\asus\Desktop\ISE\CPU_P4\MuxRegData.v" into library work
Parsing module <MuxRegData>.
Analyzing Verilog file "C:\Users\asus\Desktop\ISE\CPU_P4\MuxALUNum.v" into library work
Parsing module <MuxALUNum>.
Analyzing Verilog file "C:\Users\asus\Desktop\ISE\CPU_P4\MEMOUT.v" into library work
Parsing module <MEMOUT>.
Analyzing Verilog file "C:\Users\asus\Desktop\ISE\CPU_P4\MEMDATA.v" into library work
Parsing module <MEMDATA>.
Analyzing Verilog file "C:\Users\asus\Desktop\ISE\CPU_P4\IFU.v" into library work
Parsing module <IFU>.
Analyzing Verilog file "C:\Users\asus\Desktop\ISE\CPU_P4\GRF.v" into library work
Parsing module <GRF>.
Analyzing Verilog file "C:\Users\asus\Desktop\ISE\CPU_P4\EXT.v" into library work
Parsing module <EXT>.
Analyzing Verilog file "C:\Users\asus\Desktop\ISE\CPU_P4\DM.v" into library work
Parsing module <DM>.
Analyzing Verilog file "C:\Users\asus\Desktop\ISE\CPU_P4\control.v" into library work
Parsing module <control>.
Analyzing Verilog file "C:\Users\asus\Desktop\ISE\CPU_P4\ALU.v" into library work
Parsing module <ALU>.
Analyzing Verilog file "C:\Users\asus\Desktop\ISE\CPU_P4\mips.v" into library work
Parsing module <mips>.

=========================================================================
*                            HDL Elaboration                            *
=========================================================================

Elaborating module <mips>.

Elaborating module <IFU>.
Reading initialization file \"code.txt\".
WARNING:HDLCompiler:1670 - "C:\Users\asus\Desktop\ISE\CPU_P4\IFU.v" Line 57: Signal <IM> in initial block is partially initialized.

Elaborating module <control>.
WARNING:HDLCompiler:413 - "C:\Users\asus\Desktop\ISE\CPU_P4\control.v" Line 57: Result of 32-bit expression is truncated to fit in 1-bit target.
WARNING:HDLCompiler:413 - "C:\Users\asus\Desktop\ISE\CPU_P4\control.v" Line 58: Result of 32-bit expression is truncated to fit in 1-bit target.
WARNING:HDLCompiler:413 - "C:\Users\asus\Desktop\ISE\CPU_P4\control.v" Line 59: Result of 32-bit expression is truncated to fit in 1-bit target.
WARNING:HDLCompiler:413 - "C:\Users\asus\Desktop\ISE\CPU_P4\control.v" Line 60: Result of 32-bit expression is truncated to fit in 1-bit target.
WARNING:HDLCompiler:413 - "C:\Users\asus\Desktop\ISE\CPU_P4\control.v" Line 61: Result of 32-bit expression is truncated to fit in 1-bit target.
WARNING:HDLCompiler:413 - "C:\Users\asus\Desktop\ISE\CPU_P4\control.v" Line 62: Result of 32-bit expression is truncated to fit in 1-bit target.
WARNING:HDLCompiler:413 - "C:\Users\asus\Desktop\ISE\CPU_P4\control.v" Line 63: Result of 32-bit expression is truncated to fit in 1-bit target.
WARNING:HDLCompiler:413 - "C:\Users\asus\Desktop\ISE\CPU_P4\control.v" Line 64: Result of 32-bit expression is truncated to fit in 1-bit target.
WARNING:HDLCompiler:413 - "C:\Users\asus\Desktop\ISE\CPU_P4\control.v" Line 65: Result of 32-bit expression is truncated to fit in 1-bit target.
WARNING:HDLCompiler:413 - "C:\Users\asus\Desktop\ISE\CPU_P4\control.v" Line 66: Result of 32-bit expression is truncated to fit in 1-bit target.
WARNING:HDLCompiler:413 - "C:\Users\asus\Desktop\ISE\CPU_P4\control.v" Line 67: Result of 32-bit expression is truncated to fit in 1-bit target.
WARNING:HDLCompiler:413 - "C:\Users\asus\Desktop\ISE\CPU_P4\control.v" Line 68: Result of 32-bit expression is truncated to fit in 1-bit target.
WARNING:HDLCompiler:413 - "C:\Users\asus\Desktop\ISE\CPU_P4\control.v" Line 69: Result of 32-bit expression is truncated to fit in 1-bit target.
WARNING:HDLCompiler:413 - "C:\Users\asus\Desktop\ISE\CPU_P4\control.v" Line 70: Result of 32-bit expression is truncated to fit in 1-bit target.
WARNING:HDLCompiler:413 - "C:\Users\asus\Desktop\ISE\CPU_P4\control.v" Line 71: Result of 32-bit expression is truncated to fit in 1-bit target.
WARNING:HDLCompiler:413 - "C:\Users\asus\Desktop\ISE\CPU_P4\control.v" Line 72: Result of 32-bit expression is truncated to fit in 1-bit target.
WARNING:HDLCompiler:413 - "C:\Users\asus\Desktop\ISE\CPU_P4\control.v" Line 73: Result of 32-bit expression is truncated to fit in 1-bit target.
WARNING:HDLCompiler:413 - "C:\Users\asus\Desktop\ISE\CPU_P4\control.v" Line 74: Result of 32-bit expression is truncated to fit in 1-bit target.
WARNING:HDLCompiler:413 - "C:\Users\asus\Desktop\ISE\CPU_P4\control.v" Line 75: Result of 32-bit expression is truncated to fit in 1-bit target.
WARNING:HDLCompiler:413 - "C:\Users\asus\Desktop\ISE\CPU_P4\control.v" Line 76: Result of 32-bit expression is truncated to fit in 1-bit target.
WARNING:HDLCompiler:413 - "C:\Users\asus\Desktop\ISE\CPU_P4\control.v" Line 77: Result of 32-bit expression is truncated to fit in 1-bit target.
WARNING:HDLCompiler:413 - "C:\Users\asus\Desktop\ISE\CPU_P4\control.v" Line 92: Result of 32-bit expression is truncated to fit in 4-bit target.

Elaborating module <GRF>.
"C:\Users\asus\Desktop\ISE\CPU_P4\GRF.v" Line 48. $display @0: $0 <= 0

Elaborating module <EXT>.

Elaborating module <ALU>.
WARNING:HDLCompiler:413 - "C:\Users\asus\Desktop\ISE\CPU_P4\ALU.v" Line 31: Result of 32-bit expression is truncated to fit in 1-bit target.
WARNING:HDLCompiler:413 - "C:\Users\asus\Desktop\ISE\CPU_P4\ALU.v" Line 32: Result of 32-bit expression is truncated to fit in 1-bit target.
WARNING:HDLCompiler:413 - "C:\Users\asus\Desktop\ISE\CPU_P4\ALU.v" Line 34: Result of 32-bit expression is truncated to fit in 1-bit target.

Elaborating module <DM>.
"C:\Users\asus\Desktop\ISE\CPU_P4\DM.v" Line 46. $display @0: *0 <= 0

Elaborating module <MuxRegRd>.
WARNING:HDLCompiler:413 - "C:\Users\asus\Desktop\ISE\CPU_P4\MuxRegRd.v" Line 26: Result of 32-bit expression is truncated to fit in 5-bit target.

Elaborating module <MuxALUNum>.

Elaborating module <MuxRegData>.

Elaborating module <MEMOUT>.

Elaborating module <MEMDATA>.
WARNING:Xst:2972 - "C:\Users\asus\Desktop\ISE\CPU_P4\mips.v" line 47. All outputs of instance <ifu> of block <IFU> are unconnected in block <mips>. Underlying logic will be removed.
WARNING:Xst:2972 - "C:\Users\asus\Desktop\ISE\CPU_P4\mips.v" line 62. All outputs of instance <controller> of block <control> are unconnected in block <mips>. Underlying logic will be removed.
WARNING:Xst:2972 - "C:\Users\asus\Desktop\ISE\CPU_P4\mips.v" line 82. All outputs of instance <grf> of block <GRF> are unconnected in block <mips>. Underlying logic will be removed.
WARNING:Xst:2972 - "C:\Users\asus\Desktop\ISE\CPU_P4\mips.v" line 96. All outputs of instance <ext> of block <EXT> are unconnected in block <mips>. Underlying logic will be removed.
WARNING:Xst:2972 - "C:\Users\asus\Desktop\ISE\CPU_P4\mips.v" line 103. All outputs of instance <alu> of block <ALU> are unconnected in block <mips>. Underlying logic will be removed.
WARNING:Xst:2972 - "C:\Users\asus\Desktop\ISE\CPU_P4\mips.v" line 114. All outputs of instance <dm> of block <DM> are unconnected in block <mips>. Underlying logic will be removed.
WARNING:Xst:2972 - "C:\Users\asus\Desktop\ISE\CPU_P4\mips.v" line 125. All outputs of instance <muxregin> of block <MuxRegRd> are unconnected in block <mips>. Underlying logic will be removed.
WARNING:Xst:2972 - "C:\Users\asus\Desktop\ISE\CPU_P4\mips.v" line 134. All outputs of instance <muxaluin> of block <MuxALUNum> are unconnected in block <mips>. Underlying logic will be removed.
WARNING:Xst:2972 - "C:\Users\asus\Desktop\ISE\CPU_P4\mips.v" line 142. All outputs of instance <muxregdata> of block <MuxRegData> are unconnected in block <mips>. Underlying logic will be removed.
WARNING:Xst:2972 - "C:\Users\asus\Desktop\ISE\CPU_P4\mips.v" line 152. All outputs of instance <mem_out> of block <MEMOUT> are unconnected in block <mips>. Underlying logic will be removed.
WARNING:Xst:2972 - "C:\Users\asus\Desktop\ISE\CPU_P4\mips.v" line 160. All outputs of instance <mem_data> of block <MEMDATA> are unconnected in block <mips>. Underlying logic will be removed.

=========================================================================
*                           HDL Synthesis                               *
=========================================================================

Synthesizing Unit <mips>.
    Related source file is "C:\Users\asus\Desktop\ISE\CPU_P4\mips.v".
    Summary:
	no macro.
Unit <mips> synthesized.

=========================================================================
HDL Synthesis Report

Found no macro
=========================================================================

=========================================================================
*                       Advanced HDL Synthesis                          *
=========================================================================


=========================================================================
Advanced HDL Synthesis Report

Found no macro
=========================================================================

=========================================================================
*                         Low Level Synthesis                           *
=========================================================================

Optimizing unit <mips> ...

Mapping all equations...
Building and optimizing final netlist ...
Found area constraint ratio of 100 (+ 5) on block mips, actual ratio is 0.

Final Macro Processing ...

=========================================================================
Final Register Report

Found no macro
=========================================================================

=========================================================================
*                           Partition Report                            *
=========================================================================

Partition Implementation Status
-------------------------------

  No Partitions were found in this design.

-------------------------------

=========================================================================
*                            Design Summary                             *
=========================================================================

Top Level Output File Name         : mips.ngc

Primitive and Black Box Usage:
------------------------------

Device utilization summary:
---------------------------

Selected Device : 7a100tcsg324-3 


Slice Logic Utilization: 

Slice Logic Distribution: 
 Number of LUT Flip Flop pairs used:      0
   Number with an unused Flip Flop:       0  out of      0         
   Number with an unused LUT:             0  out of      0         
   Number of fully used LUT-FF pairs:     0  out of      0         
   Number of unique control sets:         0

IO Utilization: 
 Number of IOs:                           2
 Number of bonded IOBs:                   0  out of    210     0%  

Specific Feature Utilization:

---------------------------
Partition Resource Summary:
---------------------------

  No Partitions were found in this design.

---------------------------


=========================================================================
Timing Report

NOTE: THESE TIMING NUMBERS ARE ONLY A SYNTHESIS ESTIMATE.
      FOR ACCURATE TIMING INFORMATION PLEASE REFER TO THE TRACE REPORT
      GENERATED AFTER PLACE-and-ROUTE.

Clock Information:
------------------
No clock signals found in this design

Asynchronous Control Signals Information:
----------------------------------------
No asynchronous control signals found in this design

Timing Summary:
---------------
Speed Grade: -3

   Minimum period: No path found
   Minimum input arrival time before clock: No path found
   Maximum output required time after clock: No path found
   Maximum combinational path delay: No path found

Timing Details:
---------------
All values displayed in nanoseconds (ns)

=========================================================================

Cross Clock Domains Report:
--------------------------

=========================================================================


Total REAL time to Xst completion: 17.00 secs
Total CPU time to Xst completion: 17.07 secs
 
--> 

Total memory usage is 4932260 kilobytes

Number of errors   :    0 (   0 filtered)
Number of warnings :   38 (   0 filtered)
Number of infos    :    0 (   0 filtered)

